\BOOKMARK [1][-]{section.1}{\376\377\000D\000o\000c\000u\000m\000e\000n\000t\000\040\000S\000c\000o\000p\000e\000\040\000a\000n\000d\000\040\000C\000o\000n\000v\000e\000n\000t\000i\000o\000n\000s}{}% 1
\BOOKMARK [1][-]{section.2}{\376\377\000C\000e\000n\000t\000r\000a\000l\000\040\000E\000n\000e\000r\000g\000y\000\040\000M\000e\000t\000a\000b\000o\000l\000i\000s\000m}{}% 2
\BOOKMARK [2][-]{subsection.2.1}{\376\377\000P\000h\000y\000s\000i\000c\000a\000l\000\040\000c\000o\000n\000s\000t\000a\000n\000t\000s\000\040\000\050\0003\0007\000\260\000C\000\051}{section.2}% 3
\BOOKMARK [2][-]{subsection.2.2}{\376\377\000G\000l\000y\000c\000o\000l\000y\000s\000i\000s\000\040\040\024\000\040\0001\0000\000\040\000e\000n\000z\000y\000m\000a\000t\000i\000c\000\040\000s\000t\000e\000p\000s}{section.2}% 4
\BOOKMARK [2][-]{subsection.2.3}{\376\377\000P\000y\000r\000u\000v\000a\000t\000e\000\040\000D\000e\000h\000y\000d\000r\000o\000g\000e\000n\000a\000s\000e\000\040\000C\000o\000m\000p\000l\000e\000x\000\040\000\050\000P\000D\000H\000\051}{section.2}% 5
\BOOKMARK [2][-]{subsection.2.4}{\376\377\000C\000i\000t\000r\000i\000c\000\040\000A\000c\000i\000d\000\040\000C\000y\000c\000l\000e\000\040\040\024\000\040\0008\000\040\000s\000t\000e\000p\000s}{section.2}% 6
\BOOKMARK [2][-]{subsection.2.5}{\376\377\000O\000x\000i\000d\000a\000t\000i\000v\000e\000\040\000P\000h\000o\000s\000p\000h\000o\000r\000y\000l\000a\000t\000i\000o\000n}{section.2}% 7
\BOOKMARK [2][-]{subsection.2.6}{\376\377\000F\000e\000r\000m\000e\000n\000t\000a\000t\000i\000o\000n\000\040\000\050\000l\000a\000c\000t\000a\000t\000e\000\051}{section.2}% 8
\BOOKMARK [2][-]{subsection.2.7}{\376\377\000-\000O\000x\000i\000d\000a\000t\000i\000o\000n\000\040\000o\000f\000\040\000f\000a\000t\000t\000y\000\040\000a\000c\000i\000d\000s}{section.2}% 9
\BOOKMARK [2][-]{subsection.2.8}{\376\377\000P\000e\000n\000t\000o\000s\000e\000\040\000P\000h\000o\000s\000p\000h\000a\000t\000e\000\040\000P\000a\000t\000h\000w\000a\000y\000\040\000\050\000o\000x\000i\000d\000a\000t\000i\000v\000e\000\051}{section.2}% 10
\BOOKMARK [2][-]{subsection.2.9}{\376\377\000A\000d\000e\000n\000y\000l\000a\000t\000e\000\040\000K\000i\000n\000a\000s\000e\000\040\000\050\0002\000\040\000A\000D\000P\000\040\000\040\000A\000T\000P\000\040\000+\000\040\000A\000M\000P\000\051}{section.2}% 11
\BOOKMARK [2][-]{subsection.2.10}{\376\377\000A\000t\000k\000i\000n\000s\000o\000n\000\040\000e\000n\000e\000r\000g\000y\000\040\000c\000h\000a\000r\000g\000e\000\040\000\046\000\040\000r\000e\000d\000o\000x\000\040\000r\000a\000t\000i\000o}{section.2}% 12
\BOOKMARK [2][-]{subsection.2.11}{\376\377\000P\000o\000o\000l\000\040\000m\000a\000s\000s\000\040\000b\000a\000l\000a\000n\000c\000e}{section.2}% 13
\BOOKMARK [1][-]{section.3}{\376\377\000M\000e\000m\000b\000r\000a\000n\000e\000\040\000T\000r\000a\000n\000s\000p\000o\000r\000t\000\040\000\046\000\040\000E\000l\000e\000c\000t\000r\000o\000p\000h\000y\000s\000i\000o\000l\000o\000g\000y}{}% 14
\BOOKMARK [2][-]{subsection.3.1}{\376\377\000N\000e\000r\000n\000s\000t\000\040\000\046\000\040\000G\000o\000l\000d\000m\000a\000n\000\040\000e\000q\000u\000i\000l\000i\000b\000r\000i\000u\000m}{section.3}% 15
\BOOKMARK [2][-]{subsection.3.2}{\376\377\000H\000o\000d\000g\000k\000i\000n\040\023\000H\000u\000x\000l\000e\000y\000,\000\040\000m\000o\000d\000e\000r\000n\000\040\000c\000o\000n\000v\000e\000n\000t\000i\000o\000n\000\040\000\050\000p\000o\000s\000t\000-\000a\000u\000d\000i\000t\000\051}{section.3}% 16
\BOOKMARK [2][-]{subsection.3.3}{\376\377\000C\000o\000n\000d\000u\000c\000t\000a\000n\000c\000e\000s\000\040\000a\000n\000d\000\040\000c\000u\000r\000r\000e\000n\000t}{section.3}% 17
\BOOKMARK [2][-]{subsection.3.4}{\376\377\000N\000a\000/\000K\000\040\000A\000T\000P\000a\000s\000e}{section.3}% 18
\BOOKMARK [2][-]{subsection.3.5}{\376\377\000P\000M\000C\000A\000\040\000/\000\040\000S\000E\000R\000C\000A\000\040\000\050\000C\000a\0002\000+\000\040\000p\000u\000m\000p\000s\000\051}{section.3}% 19
\BOOKMARK [1][-]{section.4}{\376\377\000S\000i\000g\000n\000a\000l\000\040\000T\000r\000a\000n\000s\000d\000u\000c\000t\000i\000o\000n\000\040\000P\000a\000t\000h\000w\000a\000y\000s}{}% 20
\BOOKMARK [2][-]{subsection.4.1}{\376\377\000G\000P\000C\000R\000\040\000\040\000c\000A\000M\000P\000\040\000\040\000P\000K\000A\000\040\000\050\000G\000s\000,\000\040\000G\000i\000,\000\040\000G\000q\000\051}{section.4}% 21
\BOOKMARK [2][-]{subsection.4.2}{\376\377\000I\000P\0003\000\040\000/\000\040\000D\000A\000G\000\040\000/\000\040\000C\000a\0002\000+\000\040\000/\000\040\000P\000K\000C}{section.4}% 22
\BOOKMARK [2][-]{subsection.4.3}{\376\377\000R\000a\000s\000\040\000/\000\040\000M\000A\000P\000K\000\040\000c\000a\000s\000c\000a\000d\000e\000\040\000\050\000K\000h\000o\000l\000o\000d\000e\000n\000k\000o\000\040\0002\0000\0000\0000\000\051}{section.4}% 23
\BOOKMARK [2][-]{subsection.4.4}{\376\377\000P\000I\0003\000K\040\023\000A\000k\000t\040\023\000m\000T\000O\000R}{section.4}% 24
\BOOKMARK [2][-]{subsection.4.5}{\376\377\000J\000A\000K\040\023\000S\000T\000A\000T}{section.4}% 25
\BOOKMARK [2][-]{subsection.4.6}{\376\377\000T\000G\000F\000-\000\040\000/\000\040\000S\000m\000a\000d}{section.4}% 26
\BOOKMARK [2][-]{subsection.4.7}{\376\377\000N\000o\000t\000c\000h\000\040\000/\000\040\000D\000e\000l\000t\000a\000\040\000\050\000c\000o\000n\000t\000a\000c\000t\000-\000d\000e\000p\000e\000n\000d\000e\000n\000t\000\051}{section.4}% 27
\BOOKMARK [2][-]{subsection.4.8}{\376\377\000W\000n\000t\000\040\000/\000\040\000-\000c\000a\000t\000e\000n\000i\000n}{section.4}% 28
\BOOKMARK [2][-]{subsection.4.9}{\376\377\000H\000e\000d\000g\000e\000h\000o\000g\000\040\000/\000\040\000S\000m\000o\000o\000t\000h\000e\000n\000e\000d}{section.4}% 29
\BOOKMARK [2][-]{subsection.4.10}{\376\377\000N\000F\000-\000B\000\040\000\050\000H\000o\000f\000f\000m\000a\000n\000n\000\040\0002\0000\0000\0002\000\051}{section.4}% 30
\BOOKMARK [2][-]{subsection.4.11}{\376\377\000N\000u\000c\000l\000e\000a\000r\000\040\000r\000e\000c\000e\000p\000t\000o\000r\000s\000\040\000\050\000s\000t\000e\000r\000o\000i\000d\000\051}{section.4}% 31
\BOOKMARK [2][-]{subsection.4.12}{\376\377\000N\000O\000\040\000/\000\040\000c\000G\000M\000P\000\040\000/\000\040\000P\000K\000G}{section.4}% 32
\BOOKMARK [2][-]{subsection.4.13}{\376\377\000C\000i\000r\000c\000a\000d\000i\000a\000n\000\040\000c\000l\000o\000c\000k\000\040\000\050\000L\000e\000l\000o\000u\000p\040\023\000G\000o\000l\000d\000b\000e\000t\000e\000r\000\040\0002\0000\0000\0003\000\051}{section.4}% 33
\BOOKMARK [2][-]{subsection.4.14}{\376\377\000R\000h\000o\000\040\000G\000T\000P\000a\000s\000e\000\040\000s\000w\000i\000t\000c\000h\000\040\000\050\000c\000y\000t\000o\000s\000k\000e\000l\000e\000t\000a\000l\000\040\000c\000o\000n\000t\000r\000o\000l\000\051}{section.4}% 34
\BOOKMARK [2][-]{subsection.4.15}{\376\377\000C\000r\000o\000s\000s\000-\000p\000a\000t\000h\000w\000a\000y\000\040\000s\000u\000m\000m\000a\000r\000y\000\040\000s\000i\000g\000n\000a\000l\000s}{section.4}% 35
\BOOKMARK [1][-]{section.5}{\376\377\000G\000e\000n\000e\000\040\000R\000e\000g\000u\000l\000a\000t\000i\000o\000n\000\040\000a\000n\000d\000\040\000C\000e\000n\000t\000r\000a\000l\000\040\000D\000o\000g\000m\000a}{}% 36
\BOOKMARK [2][-]{subsection.5.1}{\376\377\000C\000h\000r\000o\000m\000a\000t\000i\000n\000\040\000a\000c\000c\000e\000s\000s\000i\000b\000i\000l\000i\000t\000y}{section.5}% 37
\BOOKMARK [2][-]{subsection.5.2}{\376\377\000T\000r\000a\000n\000s\000c\000r\000i\000p\000t\000i\000o\000n}{section.5}% 38
\BOOKMARK [2][-]{subsection.5.3}{\376\377\000T\000r\000a\000n\000s\000l\000a\000t\000i\000o\000n}{section.5}% 39
\BOOKMARK [2][-]{subsection.5.4}{\376\377\000P\000o\000s\000t\000-\000t\000r\000a\000n\000s\000l\000a\000t\000i\000o\000n\000a\000l\000\040\000m\000o\000d\000i\000f\000i\000c\000a\000t\000i\000o\000n\000s\000\040\000\050\000G\000o\000l\000d\000b\000e\000t\000e\000r\040\023\000K\000o\000s\000h\000l\000a\000n\000d\000\051}{section.5}% 40
\BOOKMARK [2][-]{subsection.5.5}{\376\377\000D\000e\000g\000r\000a\000d\000a\000t\000i\000o\000n\000\040\000\050\000p\000r\000o\000t\000e\000a\000s\000o\000m\000e\000\040\000/\000\040\000N\000-\000e\000n\000d\000\040\000r\000u\000l\000e\000\051}{section.5}% 41
\BOOKMARK [2][-]{subsection.5.6}{\376\377\000C\000e\000n\000t\000r\000a\000l\000\040\000d\000o\000g\000m\000a\000\040\000H\000B\000B\000\040\000g\000e\000n\000e\000\040\000m\000o\000d\000e\000l}{section.5}% 42
\BOOKMARK [1][-]{section.6}{\376\377\000P\000r\000o\000t\000e\000o\000m\000e}{}% 43
\BOOKMARK [2][-]{subsection.6.1}{\376\377\000S\000e\000c\000o\000n\000d\000a\000r\000y\000\040\000s\000t\000r\000u\000c\000t\000u\000r\000e\000\040\000\050\000C\000h\000o\000u\040\023\000F\000a\000s\000m\000a\000n\000,\000\040\0005\000-\000r\000e\000s\000i\000d\000u\000e\000\040\000w\000i\000n\000d\000o\000w\000\051}{section.6}% 44
\BOOKMARK [2][-]{subsection.6.2}{\376\377\000F\000o\000l\000d\000i\000n\000g}{section.6}% 45
\BOOKMARK [2][-]{subsection.6.3}{\376\377\000N\000-\000e\000n\000d\000\040\000r\000u\000l\000e\000\040\000h\000a\000l\000f\000-\000l\000i\000v\000e\000s\000\040\000\050\000B\000a\000c\000h\000m\000a\000i\000r\000\040\0001\0009\0008\0006\000\051}{section.6}% 46
\BOOKMARK [2][-]{subsection.6.4}{\376\377\000B\000i\000n\000d\000i\000n\000g\000\040\000a\000n\000d\000\040\000e\000n\000z\000y\000m\000e\000\040\000k\000i\000n\000e\000t\000i\000c\000s}{section.6}% 47
\BOOKMARK [2][-]{subsection.6.5}{\376\377\000A\000l\000l\000o\000s\000t\000e\000r\000i\000c\000\040\000r\000e\000g\000u\000l\000a\000t\000i\000o\000n\000\040\000\050\000M\000W\000C\000\051}{section.6}% 48
\BOOKMARK [2][-]{subsection.6.6}{\376\377\000I\000n\000h\000i\000b\000i\000t\000i\000o\000n\000\040\000m\000o\000d\000e\000s}{section.6}% 49
\BOOKMARK [1][-]{section.7}{\376\377\000V\000e\000s\000i\000c\000u\000l\000a\000r\000\040\000T\000r\000a\000f\000f\000i\000c\000,\000\040\000U\000P\000R\000,\000\040\000A\000u\000t\000o\000p\000h\000a\000g\000y}{}% 50
\BOOKMARK [2][-]{subsection.7.1}{\376\377\000V\000e\000s\000i\000c\000l\000e\000\040\000b\000u\000d\000d\000i\000n\000g\000\040\000f\000l\000u\000x\000e\000s}{section.7}% 51
\BOOKMARK [2][-]{subsection.7.2}{\376\377\000C\000O\000P\000I\000I\000,\000\040\000C\000O\000P\000I\000,\000\040\000c\000l\000a\000t\000h\000r\000i\000n\000-\000m\000e\000d\000i\000a\000t\000e\000d\000\040\000r\000o\000u\000t\000e\000s}{section.7}% 52
\BOOKMARK [2][-]{subsection.7.3}{\376\377\000V\000e\000s\000i\000c\000l\000e\000\040\000p\000r\000o\000g\000r\000e\000s\000s\000i\000o\000n\000\040\000a\000n\000d\000\040\000f\000u\000s\000i\000o\000n}{section.7}% 53
\BOOKMARK [2][-]{subsection.7.4}{\376\377\000U\000n\000f\000o\000l\000d\000e\000d\000\040\000P\000r\000o\000t\000e\000i\000n\000\040\000R\000e\000s\000p\000o\000n\000s\000e\000\040\000\050\000U\000P\000R\000\051}{section.7}% 54
\BOOKMARK [2][-]{subsection.7.5}{\376\377\000A\000u\000t\000o\000p\000h\000a\000g\000y}{section.7}% 55
\BOOKMARK [1][-]{section.8}{\376\377\000C\000y\000t\000o\000s\000k\000e\000l\000e\000t\000o\000n}{}% 56
\BOOKMARK [2][-]{subsection.8.1}{\376\377\000A\000c\000t\000i\000n\000\040\000p\000o\000l\000y\000m\000e\000r\000i\000z\000a\000t\000i\000o\000n}{section.8}% 57
\BOOKMARK [2][-]{subsection.8.2}{\376\377\000M\000i\000c\000r\000o\000t\000u\000b\000u\000l\000e\000s\000\040\000\050\000d\000y\000n\000a\000m\000i\000c\000\040\000i\000n\000s\000t\000a\000b\000i\000l\000i\000t\000y\000\051}{section.8}% 58
\BOOKMARK [2][-]{subsection.8.3}{\376\377\000M\000o\000t\000o\000r\000\040\000p\000r\000o\000t\000e\000i\000n\000s}{section.8}% 59
\BOOKMARK [2][-]{subsection.8.4}{\376\377\000O\000u\000t\000p\000u\000t\000s}{section.8}% 60
\BOOKMARK [1][-]{section.9}{\376\377\000C\000e\000l\000l\000\040\000J\000u\000n\000c\000t\000i\000o\000n\000s\000\040\000a\000n\000d\000\040\000E\000x\000t\000r\000a\000c\000e\000l\000l\000u\000l\000a\000r\000\040\000M\000a\000t\000r\000i\000x}{}% 61
\BOOKMARK [2][-]{subsection.9.1}{\376\377\000C\000a\000d\000h\000e\000r\000i\000n\000\040\000a\000d\000h\000e\000r\000e\000n\000s\000\040\000j\000u\000n\000c\000t\000i\000o\000n\000s}{section.9}% 62
\BOOKMARK [2][-]{subsection.9.2}{\376\377\000D\000e\000s\000m\000o\000s\000o\000m\000e\000s}{section.9}% 63
\BOOKMARK [2][-]{subsection.9.3}{\376\377\000T\000i\000g\000h\000t\000\040\000j\000u\000n\000c\000t\000i\000o\000n\000s}{section.9}% 64
\BOOKMARK [2][-]{subsection.9.4}{\376\377\000G\000a\000p\000\040\000j\000u\000n\000c\000t\000i\000o\000n\000s\000\040\000\050\000c\000o\000n\000n\000e\000x\000o\000n\000s\000,\000\040\000p\000H\000/\000C\000a\000/\000V\000-\000g\000a\000t\000e\000d\000\051}{section.9}% 65
\BOOKMARK [2][-]{subsection.9.5}{\376\377\000I\000n\000t\000e\000g\000r\000i\000n\000\040\000/\000\040\000f\000o\000c\000a\000l\000\040\000a\000d\000h\000e\000s\000i\000o\000n}{section.9}% 66
\BOOKMARK [1][-]{section.10}{\376\377\000G\000e\000n\000o\000m\000e\000\040\000M\000o\000d\000e\000l}{}% 67
\BOOKMARK [2][-]{subsection.10.1}{\376\377\000P\000l\000o\000i\000d\000y\000\040\000t\000r\000a\000c\000k\000i\000n\000g}{section.10}% 68
\BOOKMARK [2][-]{subsection.10.2}{\376\377\000C\000h\000r\000o\000m\000o\000s\000o\000m\000e\000\040\000r\000e\000p\000l\000i\000c\000a\000t\000i\000o\000n\000\040\000t\000i\000m\000i\000n\000g}{section.10}% 69
\BOOKMARK [2][-]{subsection.10.3}{\376\377\000N\000u\000c\000l\000e\000a\000r\000\040\000t\000e\000r\000r\000i\000t\000o\000r\000y\000\040\000p\000o\000s\000i\000t\000i\000o\000n}{section.10}% 70
\BOOKMARK [2][-]{subsection.10.4}{\376\377\000T\000e\000l\000o\000m\000e\000r\000e\000\040\000s\000h\000o\000r\000t\000e\000n\000i\000n\000g\000\040\000\050\000e\000n\000d\000-\000r\000e\000p\000l\000i\000c\000a\000t\000i\000o\000n\000\040\000p\000r\000o\000b\000l\000e\000m\000\051}{section.10}% 71
\BOOKMARK [2][-]{subsection.10.5}{\376\377\000C\000o\000n\000d\000e\000n\000s\000a\000t\000i\000o\000n\000\040\000d\000u\000r\000i\000n\000g\000\040\000m\000i\000t\000o\000s\000i\000s}{section.10}% 72
\BOOKMARK [1][-]{section.11}{\376\377\000D\000N\000A\000\040\000D\000a\000m\000a\000g\000e\000,\000\040\000R\000e\000p\000a\000i\000r\000,\000\040\000a\000n\000d\000\040\000D\000D\000R}{}% 73
\BOOKMARK [2][-]{subsection.11.1}{\376\377\000S\000p\000o\000n\000t\000a\000n\000e\000o\000u\000s\000\040\000d\000a\000m\000a\000g\000e\000\040\000r\000a\000t\000e\000s\000\040\000\050\000L\000i\000n\000d\000a\000h\000l\000\040\0001\0009\0009\0003\000,\000\040\000p\000o\000s\000t\000-\000a\000u\000d\000i\000t\000\051}{section.11}% 74
\BOOKMARK [2][-]{subsection.11.2}{\376\377\000P\000a\000t\000h\000w\000a\000y\000-\000s\000p\000e\000c\000i\000f\000i\000c\000\040\000k\000i\000n\000e\000t\000i\000c\000s}{section.11}% 75
\BOOKMARK [2][-]{subsection.11.3}{\376\377\000H\000R\000\040\000v\000s\000\040\000N\000H\000E\000J\000\040\000p\000a\000t\000h\000w\000a\000y\000\040\000c\000h\000o\000i\000c\000e}{section.11}% 76
\BOOKMARK [2][-]{subsection.11.4}{\376\377\000D\000N\000A\000\040\000D\000a\000m\000a\000g\000e\000\040\000R\000e\000s\000p\000o\000n\000s\000e\000\040\000\050\000D\000D\000R\000\051}{section.11}% 77
\BOOKMARK [2][-]{subsection.11.5}{\376\377\000p\0005\0003\040\023\000M\000D\000M\0002\000\040\000f\000e\000e\000d\000b\000a\000c\000k}{section.11}% 78
\BOOKMARK [2][-]{subsection.11.6}{\376\377\000C\000h\000e\000c\000k\000p\000o\000i\000n\000t\000\040\000p\000r\000e\000d\000i\000c\000a\000t\000e\000s}{section.11}% 79
\BOOKMARK [2][-]{subsection.11.7}{\376\377\000O\000r\000i\000g\000i\000n\000\040\000l\000i\000c\000e\000n\000s\000i\000n\000g\000\040\000\050\000p\000r\000e\000-\000R\000C\000\040\000f\000o\000r\000m\000a\000t\000i\000o\000n\000\051}{section.11}% 80
\BOOKMARK [2][-]{subsection.11.8}{\376\377\000T\000e\000l\000o\000m\000e\000r\000a\000s\000e\000\040\000r\000e\000v\000e\000r\000s\000e\000\040\000t\000r\000a\000n\000s\000c\000r\000i\000p\000t\000a\000s\000e}{section.11}% 81
\BOOKMARK [1][-]{section.12}{\376\377\000A\000p\000o\000p\000t\000o\000s\000i\000s}{}% 82
\BOOKMARK [2][-]{subsection.12.1}{\376\377\000B\000c\000l\000-\0002\000\040\000f\000a\000m\000i\000l\000y\000\040\000b\000a\000l\000a\000n\000c\000e}{section.12}% 83
\BOOKMARK [2][-]{subsection.12.2}{\376\377\000B\000a\000x\000/\000B\000a\000k\000\040\000a\000c\000t\000i\000v\000a\000t\000i\000o\000n}{section.12}% 84
\BOOKMARK [2][-]{subsection.12.3}{\376\377\000M\000O\000M\000P\000\040\000\050\000H\000i\000l\000l\000\040\000n\000=\0002\000\051}{section.12}% 85
\BOOKMARK [2][-]{subsection.12.4}{\376\377\000C\000y\000t\000o\000c\000h\000r\000o\000m\000e\000\040\000c\000\040\000/\000\040\000S\000m\000a\000c\000\040\000r\000e\000l\000e\000a\000s\000e}{section.12}% 86
\BOOKMARK [2][-]{subsection.12.5}{\376\377\000A\000p\000o\000p\000t\000o\000s\000o\000m\000e\000\040\000a\000s\000s\000e\000m\000b\000l\000y}{section.12}% 87
\BOOKMARK [2][-]{subsection.12.6}{\376\377\000C\000a\000s\000p\000a\000s\000e\000\040\000c\000a\000s\000c\000a\000d\000e}{section.12}% 88
\BOOKMARK [2][-]{subsection.12.7}{\376\377\000E\000x\000e\000c\000u\000t\000i\000o\000n\000\040\000m\000a\000r\000k\000e\000r\000s}{section.12}% 89
\BOOKMARK [1][-]{section.13}{\376\377\000C\000D\000K\000/\000C\000y\000c\000l\000i\000n\000\040\000O\000s\000c\000i\000l\000l\000a\000t\000o\000r}{}% 90
\BOOKMARK [1][-]{section.14}{\376\377\000M\000i\000t\000o\000s\000i\000s\000\040\000S\000t\000a\000t\000e\000\040\000M\000a\000c\000h\000i\000n\000e}{}% 91
\BOOKMARK [2][-]{subsection.14.1}{\376\377\000P\000h\000a\000s\000e\000-\000c\000o\000n\000t\000r\000o\000l\000l\000e\000d\000\040\000k\000i\000n\000e\000m\000a\000t\000i\000c\000\040\000v\000a\000r\000i\000a\000b\000l\000e\000s}{section.14}% 92
\BOOKMARK [2][-]{subsection.14.2}{\376\377\000P\000o\000l\000e\000\040\000p\000o\000s\000i\000t\000i\000o\000n\000s\000\040\000\050\000l\000o\000c\000a\000l\000\040\000f\000r\000a\000m\000e\000,\000\040\000X\000\040\000a\000x\000i\000s\000\051}{section.14}% 93
\BOOKMARK [1][-]{section.15}{\376\377\000C\000a\000n\000c\000e\000r\000\040\000B\000i\000o\000l\000o\000g\000y}{}% 94
\BOOKMARK [2][-]{subsection.15.1}{\376\377\000M\000u\000t\000a\000t\000i\000o\000n\000\040\000e\000f\000f\000e\000c\000t\000\040\000i\000n\000t\000e\000g\000r\000a\000t\000i\000o\000n}{section.15}% 95
\BOOKMARK [2][-]{subsection.15.2}{\376\377\000H\000a\000l\000l\000m\000a\000r\000k\000\040\000s\000c\000o\000r\000i\000n\000g}{section.15}% 96
\BOOKMARK [2][-]{subsection.15.3}{\376\377\000P\000e\000r\000-\000d\000i\000v\000i\000s\000i\000o\000n\000\040\000m\000u\000t\000a\000t\000i\000o\000n\000\040\000d\000r\000a\000w}{section.15}% 97
\BOOKMARK [1][-]{section.16}{\376\377\000D\000e\000v\000e\000l\000o\000p\000m\000e\000n\000t\000a\000l\000\040\000B\000i\000o\000l\000o\000g\000y}{}% 98
\BOOKMARK [2][-]{subsection.16.1}{\376\377\000M\000o\000r\000p\000h\000o\000g\000e\000n\000\040\000p\000o\000s\000i\000t\000i\000o\000n\000a\000l\000\040\000i\000n\000t\000e\000r\000p\000r\000e\000t\000a\000t\000i\000o\000n}{section.16}% 99
\BOOKMARK [2][-]{subsection.16.2}{\376\377\000G\000e\000r\000m\000\040\000l\000a\000y\000e\000r\000\040\000s\000p\000e\000c\000i\000f\000i\000c\000a\000t\000i\000o\000n}{section.16}% 100
\BOOKMARK [2][-]{subsection.16.3}{\376\377\000H\000o\000x\000\040\000c\000o\000l\000i\000n\000e\000a\000r\000i\000t\000y}{section.16}% 101
\BOOKMARK [2][-]{subsection.16.4}{\376\377\000P\000A\000R\000\040\000p\000o\000l\000a\000r\000i\000t\000y\000\040\000\050\000m\000u\000t\000u\000a\000l\000\040\000e\000x\000c\000l\000u\000s\000i\000o\000n\000\051}{section.16}% 102
\BOOKMARK [2][-]{subsection.16.5}{\376\377\000N\000o\000t\000c\000h\000-\000D\000e\000l\000t\000a\000\040\000l\000a\000t\000e\000r\000a\000l\000\040\000i\000n\000h\000i\000b\000i\000t\000i\000o\000n}{section.16}% 103
\BOOKMARK [2][-]{subsection.16.6}{\376\377\000P\000l\000u\000r\000i\000p\000o\000t\000e\000n\000c\000y\000\040\000l\000o\000s\000s\000\040\000u\000p\000o\000n\000\040\000s\000p\000e\000c\000i\000f\000i\000c\000a\000t\000i\000o\000n}{section.16}% 104
\BOOKMARK [1][-]{section.17}{\376\377\000S\000t\000e\000m\000\040\000C\000e\000l\000l\000s}{}% 105
\BOOKMARK [2][-]{subsection.17.1}{\376\377\000N\000i\000c\000h\000e\000\040\000s\000t\000e\000m\000n\000e\000s\000s\000\040\000s\000i\000g\000n\000a\000l}{section.17}% 106
\BOOKMARK [2][-]{subsection.17.2}{\376\377\000D\000i\000v\000i\000s\000i\000o\000n\000-\000m\000o\000d\000e\000\040\000c\000h\000o\000i\000c\000e}{section.17}% 107
\BOOKMARK [2][-]{subsection.17.3}{\376\377\000H\000a\000y\000f\000l\000i\000c\000k\000\040\000l\000i\000m\000i\000t}{section.17}% 108
\BOOKMARK [2][-]{subsection.17.4}{\376\377\000i\000P\000S\000C\000\040\000r\000e\000p\000r\000o\000g\000r\000a\000m\000m\000i\000n\000g\000\040\000\050\000Y\000a\000m\000a\000n\000a\000k\000a\000\040\000f\000a\000c\000t\000o\000r\000s\000\051}{section.17}% 109
\BOOKMARK [2][-]{subsection.17.5}{\376\377\000Q\000u\000i\000e\000s\000c\000e\000n\000c\000e\000\040\000\050\000G\0000\000\051}{section.17}% 110
\BOOKMARK [1][-]{section.18}{\376\377\000P\000a\000t\000h\000o\000g\000e\000n\000s}{}% 111
\BOOKMARK [2][-]{subsection.18.1}{\376\377\000B\000a\000c\000t\000e\000r\000i\000a\000l\000\040\000/\000\040\000v\000i\000r\000a\000l\000\040\000l\000i\000f\000e\000\040\000c\000y\000c\000l\000e}{section.18}% 112
\BOOKMARK [2][-]{subsection.18.2}{\376\377\000V\000i\000r\000a\000l\000\040\000r\000e\000p\000l\000i\000c\000a\000t\000i\000o\000n\000\040\000k\000i\000n\000e\000t\000i\000c\000s}{section.18}% 113
\BOOKMARK [2][-]{subsection.18.3}{\376\377\000I\000m\000m\000u\000n\000e\000\040\000e\000v\000a\000s\000i\000o\000n\000\040\000p\000e\000n\000a\000l\000t\000i\000e\000s}{section.18}% 114
\BOOKMARK [2][-]{subsection.18.4}{\376\377\000M\000i\000c\000r\000o\000b\000i\000o\000t\000a\000\040\000f\000u\000n\000c\000t\000i\000o\000n}{section.18}% 115
\BOOKMARK [1][-]{section.19}{\376\377\000I\000m\000m\000u\000n\000i\000t\000y}{}% 116
\BOOKMARK [2][-]{subsection.19.1}{\376\377\000I\000n\000n\000a\000t\000e\000\040\000P\000R\000R\000\040\000/\000\040\000N\000F\000-\000B\000\040\000/\000\040\000I\000F\000N}{section.19}% 117
\BOOKMARK [2][-]{subsection.19.2}{\376\377\000C\000o\000m\000p\000l\000e\000m\000e\000n\000t\000\040\000c\000a\000s\000c\000a\000d\000e}{section.19}% 118
\BOOKMARK [2][-]{subsection.19.3}{\376\377\000P\000h\000a\000g\000o\000c\000y\000t\000e\000\040\000a\000c\000t\000i\000v\000a\000t\000i\000o\000n}{section.19}% 119
\BOOKMARK [2][-]{subsection.19.4}{\376\377\000N\000K\000\040\000c\000e\000l\000l\000\040\000a\000c\000t\000i\000v\000a\000t\000i\000o\000n}{section.19}% 120
\BOOKMARK [2][-]{subsection.19.5}{\376\377\000A\000d\000a\000p\000t\000i\000v\000e\000\040\000r\000e\000s\000p\000o\000n\000s\000e\000\040\000\050\000a\000p\000p\000e\000a\000r\000s\000\040\000a\000t\000\040\000>\0003\000\040\000d\000a\000y\000s\000\040\000s\000i\000n\000c\000e\000\040\000i\000n\000f\000e\000c\000t\000i\000o\000n\000\051}{section.19}% 121
\BOOKMARK [2][-]{subsection.19.6}{\376\377\000P\000a\000t\000h\000o\000g\000e\000n\000\040\000c\000l\000e\000a\000r\000a\000n\000c\000e}{section.19}% 122
\BOOKMARK [1][-]{section.20}{\376\377\000P\000o\000p\000u\000l\000a\000t\000i\000o\000n\000-\000l\000e\000v\000e\000l\000\040\000C\000e\000l\000l\000\040\000D\000y\000n\000a\000m\000i\000c\000s}{}% 123
\BOOKMARK [2][-]{subsection.20.1}{\376\377\000H\000e\000r\000t\000z\000\040\000c\000o\000n\000t\000a\000c\000t\000\040\000f\000o\000r\000c\000e\000\040\000\050\000c\000e\000l\000l\000-\000c\000e\000l\000l\000\051}{section.20}% 124
\BOOKMARK [2][-]{subsection.20.2}{\376\377\000M\000o\000t\000i\000l\000i\000t\000y}{section.20}% 125
\BOOKMARK [2][-]{subsection.20.3}{\376\377\000F\000a\000t\000e\000\040\000s\000o\000f\000t\000m\000a\000x}{section.20}% 126
\BOOKMARK [2][-]{subsection.20.4}{\376\377\000A\000T\000P\000-\000d\000e\000p\000e\000n\000d\000e\000n\000t\000\040\000s\000u\000r\000v\000i\000v\000a\000l}{section.20}% 127
\BOOKMARK [2][-]{subsection.20.5}{\376\377\000D\000r\000u\000g\000\040\000P\000K\000/\000P\000D\000\040\000\050\000P\000h\000y\000s\000i\000P\000K\000P\000D\000\051}{section.20}% 128
\BOOKMARK [2][-]{subsection.20.6}{\376\377\000M\000o\000t\000i\000l\000i\000t\000y\040\023\000f\000a\000t\000e\000\040\000q\000u\000i\000e\000s\000c\000e\000n\000c\000e\000\040\000c\000o\000u\000p\000l\000i\000n\000g}{section.20}% 129
\BOOKMARK [1][-]{section.21}{\376\377\000I\000n\000t\000r\000a\000c\000e\000l\000l\000u\000l\000a\000r\000\040\000L\000a\000n\000g\000e\000v\000i\000n\000\040\000P\000h\000y\000s\000i\000c\000s}{}% 130
\BOOKMARK [2][-]{subsection.21.1}{\376\377\000S\000t\000o\000k\000e\000s\000\040\000d\000r\000a\000g\000\040\000\050\000p\000o\000s\000t\000-\000a\000u\000d\000i\000t\000\051}{section.21}% 131
\BOOKMARK [2][-]{subsection.21.2}{\376\377\000T\000h\000e\000r\000m\000a\000l\000\040\000n\000o\000i\000s\000e\000\040\000\050\000f\000l\000u\000c\000t\000u\000a\000t\000i\000o\000n\000-\000d\000i\000s\000s\000i\000p\000a\000t\000i\000o\000n\000,\000\040\000p\000o\000s\000t\000-\000a\000u\000d\000i\000t\000\051}{section.21}% 132
\BOOKMARK [2][-]{subsection.21.3}{\376\377\000H\000o\000m\000e\000\040\000a\000n\000d\000\040\000t\000e\000t\000h\000e\000r\000\040\000s\000p\000r\000i\000n\000g\000s}{section.21}% 133
\BOOKMARK [2][-]{subsection.21.4}{\376\377\000A\000t\000t\000r\000a\000c\000t\000i\000o\000n\000\040\000f\000i\000e\000l\000d\000s}{section.21}% 134
\BOOKMARK [2][-]{subsection.21.5}{\376\377\000P\000a\000r\000t\000i\000c\000l\000e\040\023\000p\000a\000r\000t\000i\000c\000l\000e\000\040\000c\000o\000l\000l\000i\000s\000i\000o\000n\000\040\000\050\000s\000o\000f\000t\000\051}{section.21}% 135
\BOOKMARK [2][-]{subsection.21.6}{\376\377\000M\000e\000m\000b\000r\000a\000n\000e\000\040\000c\000o\000n\000f\000i\000n\000e\000m\000e\000n\000t\000\040\000\050\000t\000w\000o\000\040\000l\000a\000y\000e\000r\000s\000\051}{section.21}% 136
\BOOKMARK [2][-]{subsection.21.7}{\376\377\000J\000o\000b\000\040\000f\000o\000r\000c\000e\000s}{section.21}% 137
\BOOKMARK [2][-]{subsection.21.8}{\376\377\000I\000n\000t\000e\000g\000r\000a\000t\000o\000r}{section.21}% 138
\BOOKMARK [1][-]{section.22}{\376\377\000N\000u\000t\000r\000i\000e\000n\000t\000\040\000D\000i\000f\000f\000u\000s\000i\000o\000n\000\040\000F\000i\000e\000l\000d}{}% 139
\BOOKMARK [2][-]{subsection.22.1}{\376\377\000B\000o\000u\000n\000d\000a\000r\000y\000\040\000c\000o\000n\000d\000i\000t\000i\000o\000n\000\040\000\050\000b\000u\000l\000k\000-\000m\000i\000x\000\051}{section.22}% 140
\BOOKMARK [2][-]{subsection.22.2}{\376\377\000P\000e\000r\000-\000c\000e\000l\000l\000\040\000c\000o\000n\000s\000u\000m\000p\000t\000i\000o\000n\000\040\000/\000\040\000p\000r\000o\000d\000u\000c\000t\000i\000o\000n}{section.22}% 141
\BOOKMARK [2][-]{subsection.22.3}{\376\377\000D\000r\000u\000g\000\040\000f\000i\000e\000l\000d}{section.22}% 142
\BOOKMARK [1][-]{section.23}{\376\377\000C\000o\000n\000s\000e\000r\000v\000a\000t\000i\000o\000n\000\040\000L\000a\000w\000s\000\040\000\046\000\040\000P\000o\000s\000t\000-\000a\000u\000d\000i\000t\000\040\000D\000i\000a\000g\000n\000o\000s\000t\000i\000c\000s}{}% 143
\BOOKMARK [1][-]{section.24}{\376\377\000R\000e\000f\000e\000r\000e\000n\000c\000e\000s}{}% 144
