============================================================
CellSim — FreeSolv FEP gate (Milestone A)
============================================================
  started:     Sat May 23 10:04:01 CST 2026
  machine:     Darwin Henrys-MacBook-Pro.local 25.0.0 Darwin Kernel Version 25.0.0: Thu Aug 14 22:04:07 PDT 2025; root:xnu-12377.1.8~5/RELEASE_ARM64_T8132 arm64
  ram:         16 GB
  git commit:  fa273f7c68e0481ae3f0d315c3884ada0836ab09
  git ref:     milestone-a-pilot-2
  output:      run/fep/20260523_100401/

Warning on use of the timeseries module: If the inherent timescales of the system are long compared to those being analyzed, this statistical inefficiency may be an underestimate.  The estimate presumes the use of many statistically independent samples.  Tests should be performed to assess whether this condition is satisfied.   Be cautious in the interpretation of the data.

****** PyMBAR will use 64-bit JAX! *******
* JAX is currently set to 32-bit bitsize *
* which is its default.                  *
*                                        *
* PyMBAR requires 64-bit mode and WILL   *
* enable JAX's 64-bit mode when called.  *
*                                        *
* This MAY cause problems with other     *
* Uses of JAX in the same code.          *
******************************************

python        3.11.15
openmm        8.5.1
openmmtools   0.26.0
openff-toolkit 0.18.0
pymbar        4.2.0

Available OpenMM platforms (fastest first):
  Reference (speed 1.0)
  CPU (speed 10.0)
  OpenCL (speed 50.0)

Pipeline will prefer Metal → OpenCL → CUDA → CPU.
